tiles/textures/mix/basecolor_terrain.png
tiles/textures/mix/mixcolor_terrain.png
editor/textures/engine/waterrefraction.tga
editor/textures/engine/waternormal.png
editor/textures/engine/waterreflection.dds
characters/monster/sk_xxsqingwa_02/textures/t_guagua.tga
editor/textures/engine/default_mix_n.tga
editor/textures/enginematerials/t_default_grid.tga
editor/textures/engine/default_white.png
deco/tiles/me_basemesh_temple/decal/sm_dg_zhuzi_10_01/textures/t_dg_tiles_d_1.tga
deco/tiles/me_basemesh_temple/decal/sm_dg_zhuzi_10_01/textures/t_dg_tiles_m_1.tga
deco/dungeon/plant/sm_dg_bush_10_01/textures/t_dg_bush_mix.tga
deco/dungeon/plant/sm_dg_ivy_10_05/textures/t_dg_ivy_10_05_ao.tga
deco/dungeon/plant/sm_dg_bush_10_02/textures/t_dg_bush_10_02_ao.tga
deco/dungeon/plant/sm_dg_bush_10_05/textures/t_dg_bush_10_05_ao.tga
deco/dungeon/plant/sm_dg_bush_10_04/textures/t_dg_bush_10_04_ao.tga
deco/tiles/me_basemesh_temple/decal/sm_dg_zhuzi_10_01/textures/t_dg_tiles_d_2.tga
deco/tiles/me_basemesh_temple/decal/sm_dg_zhuzi_10_01/textures/t_dg_tiles_m_2.tga
deco/dungeon/plant/sm_dg_ivy_10_12/textures/t_dg_ivy_10_12_ao.tga
deco/dungeon/plant/sm_dg_bush_10_01/textures/t_dg_bush_10_01_ao.tga
deco/dungeon/plant/sm_dg_ivy_10_07/textures/t_dg_ivy_10_07_ao.tga
deco/dungeon/plant/sm_hehua_10_03/textures/t_heye_a_basecolor.tga
deco/dungeon/plant/sm_hehua_10_03/textures/t_heye_a_m.tga
deco/dungeon/plant/sm_heye_10_06/textures/t_heye_10_06_ao.tga
deco/dungeon/plant/sm_hehua_10_03/textures/t_hehua_10_03_ao.tga
deco/dungeon/plant/sm_dg_ivy_10_11/textures/t_dg_ivy_10_11_ao.tga
deco/dungeon/plant/sm_dg_bush_10_06/textures/t_dg_bush_10_06_ao.tga
deco/dungeon/sm_biqi_a/textures/t_biqi_mix.tga
editor/textures/materiallibrary/t_cloth_a_mix.tga
deco/dungeon/sm_biqi_a/textures/t_biqi_mask.png
deco/dungeon/sm_biqi_c/textures/t_biqi_c_ao.tga
editor/textures/materiallibrary/t_rock_a_mix.tga
deco/dungeon/plant/sm_dg_ivy_10_13/textures/t_dg_ivy_10_13_ao.tga
deco/dungeon/plant/sm_dg_bush_10_03/textures/t_dg_bush_10_03_ao.tga
deco/dungeon/plant/sm_heye_10_05/textures/t_heye_10_05_ao.tga
deco/dungeon/plant/sm_heye_10_04/textures/t_heye_10_04_ao.tga
deco/dungeon/plant/sm_dg_ivy_10_06/textures/t_dg_ivy_10_06_ao.tga
deco/dungeon/plant/sm_dg_ivy_10_09/textures/t_dg_ivy_10_09_ao.tga
deco/dungeon/plant/sm_dg_ivy_10_08/textures/t_dg_ivy_10_08_ao.tga
cube/day/daydiffusehdr.dds
cube/day/dayspecularhdr.dds
cube/day/daywaterreflection.dds
editor/textures/engine/vignetting.png
cube/day/dayspecularhdr_qualitylow.dds
cube/day/dayspecularhdr_qualityhigh.dds
engineres/techniques/notexture.xml
engineres/particle/common/techniques/diffunlitparticlealpha.xml
engineres/particle/common/techniques/diffunlitmeshparticlealpha.xml
engineres/techniques/diffunlit.xml
editor/techniques/pbr_packednormal/tileblendonepackednormal.xml
editor/techniques/pbr_packednormal/tileblendtwopackednormal.xml
editor/techniques/pbr_packednormal/tileblendthreepackednormal.xml
editor/techniques/pbr_packednormal/tileblendninepackednormal.xml
editor/techniques/pbr_packednormal/tilecliffpackednormal.xml
editor/techniques/pbr_packednormal/tilecliff2packednormal.xml
editor/techniques/water.xml
editor/techniques/pbr_packednormal/defaultmetallicroughness.xml
editor/techniques/pbr_packednormal/graylevelfive.xml
editor/techniques/pbr_packednormal/grayleveltwo.xml
maps/ragnarok/atmosphere/default.lightgroup
engineres/particle/common/materials/defaultsprite.material
engineres/particle/common/materials/defaultmeshrgba.material
engineres/particle/common/materials/empty.material
engineres/particle/common/materials/alphamesh.material
engineres/particle/common/materials/alphamaterial.material
engineres/particle/common/materials/defaultmesh.material
tiles/material/mix/tileblendone_terrain.material
tiles/material/mix/tileblendtwo_terrain.material
tiles/material/mix/tileblendthree_terrain.material
tiles/material/mix/tileblendnine_terrain.material
tiles/material/mix/tilecliff_terrain.material
tiles/material/mix/tilecliff2_terrain.material
editor/materials/engine/water.material
editor/materials/engine/landscape.material
editor/materials/engine/gridmaterial.material
deco/tiles/me_basemesh_temple/decal/sm_dg_zhuzi_10_01/materials/m_dg_a.material
deco/dungeon/plant/sm_dg_ivy_10_05/materials/sm_dg_ivy_10_05.material
deco/dungeon/plant/sm_dg_bush_10_02/materials/sm_dg_bush_10_02.material
deco/dungeon/plant/sm_dg_bush_10_05/materials/sm_dg_bush_10_05.material
deco/dungeon/plant/sm_dg_bush_10_04/materials/sm_dg_bush_10_04.material
deco/tiles/me_basemesh_temple/decal/sm_dg_zhuzi_10_01/materials/m_dg_b.material
deco/dungeon/plant/sm_dg_ivy_10_12/materials/sm_dg_ivy_10_12.material
deco/dungeon/plant/sm_dg_bush_10_01/materials/sm_dg_bush_10_01.material
deco/dungeon/plant/sm_dg_ivy_10_07/materials/sm_dg_ivy_10_07.material
deco/dungeon/plant/sm_heye_10_06/materials/sm_heye_10_06.material
deco/dungeon/plant/sm_hehua_10_03/materials/sm_hehua_10_03.material
deco/dungeon/plant/sm_dg_ivy_10_11/materials/sm_dg_ivy_10_11.material
deco/dungeon/plant/sm_dg_bush_10_06/materials/sm_dg_bush_10_06.material
deco/dungeon/sm_biqi_c5/materials/sm_biqi_c5_m1.material
deco/dungeon/sm_biqi_c5/materials/sm_biqi_c5_m2.material
deco/dungeon/plant/sm_dg_ivy_10_13/materials/sm_dg_ivy_10_13.material
deco/dungeon/plant/sm_dg_bush_10_03/materials/sm_dg_bush_10_03.material
deco/dungeon/plant/sm_heye_10_05/materials/sm_heye_10_05.material
deco/dungeon/plant/sm_heye_10_04/materials/sm_heye_10_04.material
deco/dungeon/plant/sm_dg_ivy_10_06/materials/sm_dg_ivy_10_06.material
deco/dungeon/plant/sm_dg_ivy_10_09/materials/sm_dg_ivy_10_09.material
deco/dungeon/plant/sm_dg_ivy_10_08/materials/sm_dg_ivy_10_08.material
tiles/tile_config/config.json
editor/texturestyle/default.json
editor/texturestyle/dungeon.json
editor/texturestyle/chinoiserie.json
editor/texturestyle/ts.json
editor/texturestyle/dg.json
editor/texturestyle/water.json
tiles/me_tiles_temple/ground/cracks_1_1_1_1_1_1_0_1.prefab
deco/tiles/me_basemesh_hope/cracks/cracks_1_1_1_1_1_1_0_1/model.prefab
tiles/me_tiles_temple/ground/cracks_0_1_0_1_1_0_0_1.prefab
deco/tiles/me_basemesh_hope/cracks/cracks_0_1_0_1_1_0_0_1/model.prefab
tiles/me_tiles_temple/ground/cracks_0_1_0_1_1_0_0_1a.prefab
deco/tiles/me_basemesh_hope/cracks/cracks_0_1_0_1_1_0_0_1a/model.prefab
tiles/me_tiles_temple/ground/cracks_1_0_0_1_1_0_0_1.prefab
deco/tiles/me_basemesh_hope/cracks/cracks_1_0_0_1_1_0_0_1/model.prefab
tiles/me_tiles_temple/ground/tile_128_0_128_128.prefab
tiles/me_tiles_temple/planebase/water_1_0_0_0_b/water_1_0_0_0_b.prefab
deco/tiles/me_basemesh_temple/plane/tile_w_1_0_0_0_b/model.prefab
tiles/me_tiles_temple/decal_tile/tile_128_0_128_128/0.prefab
deco/tiles/me_basemesh_temple/decal/sm_dg_wall_int_10_01/model.prefab
deco/tiles/me_basemesh_temple/decal/sm_dg_zhuzi_10_01/model.prefab
deco/tiles/me_basemesh_temple/plane/tile_g_1_1_1_0/model.prefab
tiles/me_tiles_temple/ground/tile_0_0_128_128.prefab
tiles/me_tiles_temple/planebase/water_1_1_0_0/water_1_1_0_0.prefab
deco/tiles/me_basemesh_temple/plane/tile_w_1_1_0_0/model.prefab
tiles/me_tiles_temple/decal_tile/tile_0_0_128_128/0.prefab
deco/tiles/me_basemesh_temple/decal/sm_dg_wall_10_01/model.prefab
deco/tiles/me_basemesh_temple/plane/tile_g_1_1_0_0/model.prefab
tiles/me_tiles_temple/decal/b/00.prefab
tiles/me_tiles_temple/decal/water_b/00.prefab
tiles/me_tiles_temple/decal/b/0.prefab
deco/dungeon/plant/sm_dg_ivy_10_05/model.prefab
tiles/me_tiles_temple/decal/b/11.prefab
deco/dungeon/plant/sm_dg_bush_10_02/model.prefab
tiles/me_tiles_temple/decal/b/09.prefab
deco/dungeon/plant/sm_dg_bush_10_05/model.prefab
deco/dungeon/plant/sm_dg_bush_10_04/model.prefab
deco/tiles/me_basemesh_temple/decal/sm_dg_shizhu_10_02/model.prefab
deco/dungeon/plant/sm_dg_ivy_10_12/model.prefab
deco/dungeon/plant/sm_dg_bush_10_01/model.prefab
tiles/me_tiles_temple/decal/b/02.prefab
deco/dungeon/plant/sm_dg_ivy_10_07/model.prefab
tiles/me_tiles_temple/decal/water_b/05.prefab
deco/dungeon/plant/sm_heye_10_06/model.prefab
deco/dungeon/plant/sm_hehua_10_03/model.prefab
tiles/me_tiles_temple/decal/b/07.prefab
deco/tiles/me_basemesh_temple/decal/sm_dg_shizhu_10_01/model.prefab
deco/dungeon/plant/sm_dg_ivy_10_11/model.prefab
deco/dungeon/plant/sm_dg_bush_10_06/model.prefab
deco/dungeon/sm_biqi_c5/model.prefab
tiles/me_tiles_temple/decal/water_b/03.prefab
tiles/me_tiles_temple/decal/b/12.prefab
deco/dungeon/plant/sm_dg_ivy_10_13/model.prefab
deco/dungeon/plant/sm_dg_bush_10_03/model.prefab
tiles/me_tiles_temple/decal/water_b/06.prefab
deco/dungeon/plant/sm_heye_10_05/model.prefab
tiles/me_tiles_temple/decal/b/08.prefab
deco/tiles/me_basemesh_temple/decal/sm_dg_shizhu_10_03/model.prefab
tiles/me_tiles_temple/decal/b/05.prefab
tiles/me_tiles_temple/decal/b/06.prefab
tiles/me_tiles_temple/decal/water_b/01.prefab
deco/dungeon/plant/sm_heye_10_04/model.prefab
tiles/me_tiles_temple/decal/water_b/02.prefab
tiles/me_tiles_temple/decal/b/01.prefab
deco/dungeon/plant/sm_dg_ivy_10_06/model.prefab
tiles/me_tiles_temple/decal/water_b/04.prefab
tiles/me_tiles_temple/decal/b/04.prefab
deco/dungeon/plant/sm_dg_ivy_10_09/model.prefab
tiles/me_tiles_temple/decal/water_b/07.prefab
tiles/me_tiles_temple/ground/tile_0_0_0_128.prefab
tiles/me_tiles_temple/planebase/water_1_1_1_0/water_1_1_1_0.prefab
deco/tiles/me_basemesh_temple/plane/tile_w_1_1_1_0/model.prefab
tiles/me_tiles_temple/decal/a/06.prefab
tiles/me_tiles_temple/decal_tile/tile_0_0_0_128/0.prefab
deco/tiles/me_basemesh_temple/decal/sm_dg_wall_ext_10_01/model.prefab
deco/tiles/me_basemesh_temple/plane/tile_g_0_1_0_0/model.prefab
tiles/me_tiles_temple/decal/water_a/00.prefab
tiles/me_tiles_temple/decal/b/10.prefab
tiles/me_tiles_temple/decal/a/07.prefab
tiles/me_tiles_temple/ground/tile_0_0_0_256.prefab
tiles/me_tiles_temple/decal_tile/tile_0_0_0_256/0.prefab
tiles/me_tiles_temple/decal/a/00.prefab
tiles/me_tiles_temple/ground/tile_0_0_256_256_a.prefab
tiles/me_tiles_temple/decal_tile/tile_0_0_256_256/0.prefab
tiles/me_tiles_temple/ground/tile_0_0_256_256.prefab
tiles/me_tiles_temple/ground/tile_0_0_256_0.prefab
tiles/me_tiles_temple/decal_tile/tile_0_0_256_0/0.prefab
tiles/me_tiles_temple/decal/a/01.prefab
tiles/me_tiles_temple/decal/water_a/01.prefab
tiles/me_tiles_temple/ground/tile_0_0_0_0.prefab
tiles/me_tiles_temple/planebase/ground_0_0_0_0/ground_0_0_0_0.prefab
deco/tiles/me_basemesh_temple/plane/tile_g_0_0_0_0/model.prefab
tiles/me_tiles_temple/ground/tile_0_0_256_128.prefab
tiles/me_tiles_temple/decal_tile/tile_0_0_256_128/0.prefab
tiles/me_tiles_temple/decal/a/03.prefab
tiles/me_tiles_temple/planebase/ground_1_1_0_0/ground_1_1_0_0.prefab
tiles/me_tiles_temple/decal/ground_a/04.prefab
tiles/me_tiles_temple/decal/ground_a/01.prefab
tiles/me_tiles_temple/decal/ground_a/00.prefab
tiles/me_tiles_temple/decal/ground_a/03.prefab
tiles/me_tiles_temple/ground/tile_0_0_128_256.prefab
tiles/me_tiles_temple/decal_tile/tile_0_0_128_256/0.prefab
tiles/me_tiles_temple/decal/a/05.prefab
tiles/me_tiles_temple/decal/a/09.prefab
tiles/me_tiles_temple/decal/b/03.prefab
deco/dungeon/plant/sm_dg_ivy_10_08/model.prefab
tiles/me_tiles_temple/decal/water_a/03.prefab
tiles/me_tiles_temple/decal/a/02.prefab
tiles/me_tiles_temple/decal/a/08.prefab
tiles/me_tiles_temple/decal/a/10.prefab
tiles/me_tiles_temple/decal/water_a/02.prefab
deco/tiles/me_basemesh_hope/cracks/cracks_1_1_1_1_1_1_0_1/model/m.mdl
deco/tiles/me_basemesh_hope/cracks/cracks_0_1_0_1_1_0_0_1/model/m.mdl
deco/tiles/me_basemesh_hope/cracks/cracks_0_1_0_1_1_0_0_1a/model/m.mdl
deco/tiles/me_basemesh_hope/cracks/cracks_1_0_0_1_1_0_0_1/model/m.mdl
deco/tiles/me_basemesh_temple/plane/tile_w_1_0_0_0_b/model/m.mdl
deco/tiles/me_basemesh_temple/decal/sm_dg_wall_int_10_01/model/m.mdl
deco/tiles/me_basemesh_temple/decal/sm_dg_zhuzi_10_01/model/m.mdl
deco/tiles/me_basemesh_temple/plane/tile_g_1_1_1_0/model/m.mdl
deco/tiles/me_basemesh_temple/plane/tile_w_1_1_0_0/model/m.mdl
deco/tiles/me_basemesh_temple/decal/sm_dg_wall_10_01/model/m.mdl
deco/tiles/me_basemesh_temple/plane/tile_g_1_1_0_0/model/m.mdl
deco/dungeon/plant/sm_dg_ivy_10_05/model/m.mdl
deco/dungeon/plant/sm_dg_bush_10_02/model/m.mdl
deco/dungeon/plant/sm_dg_bush_10_05/model/m.mdl
deco/dungeon/plant/sm_dg_bush_10_04/model/m.mdl
deco/tiles/me_basemesh_temple/decal/sm_dg_shizhu_10_02/model/m.mdl
deco/dungeon/plant/sm_dg_ivy_10_12/model/m.mdl
deco/dungeon/plant/sm_dg_bush_10_01/model/m.mdl
deco/dungeon/plant/sm_dg_ivy_10_07/model/m.mdl
deco/dungeon/plant/sm_heye_10_06/model/m.mdl
deco/dungeon/plant/sm_hehua_10_03/model/m.mdl
deco/tiles/me_basemesh_temple/decal/sm_dg_shizhu_10_01/model/m.mdl
deco/dungeon/plant/sm_dg_ivy_10_11/model/m.mdl
deco/dungeon/plant/sm_dg_bush_10_06/model/m.mdl
deco/dungeon/sm_biqi_c/model/m.mdl
deco/dungeon/plant/sm_dg_ivy_10_13/model/m.mdl
deco/dungeon/plant/sm_dg_bush_10_03/model/m.mdl
deco/dungeon/plant/sm_heye_10_05/model/m.mdl
deco/tiles/me_basemesh_temple/decal/sm_dg_shizhu_10_03/model/m.mdl
deco/dungeon/plant/sm_heye_10_04/model/m.mdl
deco/dungeon/plant/sm_dg_ivy_10_06/model/m.mdl
deco/dungeon/plant/sm_dg_ivy_10_09/model/m.mdl
deco/tiles/me_basemesh_temple/plane/tile_w_1_1_1_0/model/m.mdl
deco/tiles/me_basemesh_temple/decal/sm_dg_wall_ext_10_01/model/m.mdl
deco/tiles/me_basemesh_temple/plane/tile_g_0_1_0_0/model/m.mdl
deco/tiles/me_basemesh_temple/plane/tile_g_0_0_0_0/model/m.mdl
deco/dungeon/plant/sm_dg_ivy_10_08/model/m.mdl
